// Jest Snapshot v1, https://goo.gl/fbAQLP

exports[`Cities List component renders correctly should render a cities list 1`] = `
<section
  className="locations container"
>
  <ul
    className="locations__list tabs__list"
  />
</section>
`;
