// Jest Snapshot v1, https://goo.gl/fbAQLP

exports[`Map component renders correctly should render a map 1`] = `
<div
  className="cities__map"
  id="map"
  style={
    Object {
      "height": "100%",
      "width": "100%",
    }
  }
/>
`;
