// Jest Snapshot v1, https://goo.gl/fbAQLP

exports[`Error Indicator component renders correctly should render an error message 1`] = `
<div
  className="center"
>
  Something's gone wrong
</div>
`;
