// Jest Snapshot v1, https://goo.gl/fbAQLP

exports[`Favorite Button component renders correctly should render a favorite button 1`] = `
<button
  aria-pressed="false"
  className="place-card__bookmark-button  button"
  onClick={[Function]}
  type="button"
>
  <svg
    aria-hidden="true"
    className="place-card__bookmark-icon"
    height={19}
    width={18}
  >
    <use
      xlinkHref="#icon-bookmark"
    />
  </svg>
  <span
    className="visually-hidden"
  >
    To
     bookmarks
  </span>
</button>
`;
